// Jest Snapshot v1, https://goo.gl/fbAQLP

exports[`code-js.md 1`] = `
\`\`\`js
function
foo
() 
{

}
\`\`\`
~~~~~~~~~~~~~~~~~~~~~~~~~~~~~~~~~~~~~~~~~~~~~~~~~~~~~~~~~~~~~~~~~~~~~~~~~~~~~~~~
\`\`\`js
function foo() {}
\`\`\`

`;

exports[`code-js-inner-fence.md 1`] = `
\`\`\`node
const a = "\\\`\\\`\\\`";
\`\`\`
~~~~~~~~~~~~~~~~~~~~~~~~~~~~~~~~~~~~~~~~~~~~~~~~~~~~~~~~~~~~~~~~~~~~~~~~~~~~~~~~
\`\`\`node
const a = "\`\`\`";
\`\`\`

`;
